=== Running branch_comp ===
VCD info: dumpfile branch_comp_tb.vcd opened for output.

=== BRANCH COMPARATOR VERIFICATION TEST ===

TEST 1: BEQ (10 == 10 = true)
  take_branch: 1 (expected 1)
  ✓ PASS

TEST 2: BEQ (10 == 20 = false)
  take_branch: 0 (expected 0)
  ✓ PASS

TEST 3: BNE (10 != 20 = true)
  take_branch: 1 (expected 1)
  ✓ PASS

TEST 4: BNE (10 != 10 = false)
  take_branch: 0 (expected 0)
  ✓ PASS

TEST 5: BLT (-5 < 10 = true)
  take_branch: 1 (expected 1)
  ✓ PASS

TEST 6: BLT (10 < 5 = false)
  take_branch: 0 (expected 0)
  ✓ PASS

TEST 7: BGE (10 >= 5 = true)
  take_branch: 1 (expected 1)
  ✓ PASS

TEST 8: BGE (-5 >= 10 = false)
  take_branch: 0 (expected 0)
  ✓ PASS

TEST 9: BGE (10 >= 10 = true)
  take_branch: 1 (expected 1)
  ✓ PASS

TEST 10: BLTU (5 < 10 = true)
  take_branch: 1 (expected 1)
  ✓ PASS

TEST 11: BLTU (0xFFFFFFFF < 10 = false - unsigned)
  take_branch: 0 (expected 0)
  ✓ PASS

TEST 12: BGEU (10 >= 5 = true)
  take_branch: 1 (expected 1)
  ✓ PASS

TEST 13: BGEU (0xFFFFFFFF >= 10 = true - unsigned)
  take_branch: 1 (expected 1)
  ✓ PASS

=== Verification Complete ===

branch_comp_tb.v:94: $finish called at 130000 (1ps)
