=== Running data_mem ===
VCD info: dumpfile data_mem_tb.vcd opened for output.

=== DATA MEMORY VERIFICATION TEST ===

TEST 1: Store Word (SW) 0x12345678 at addr 0x00
TEST 2: Load Word (LW) from addr 0x00
  Result: 0x12345678 (expected 0x12345678)
  ✓ PASS

TEST 3: Store Byte (SB) 0xAA at addr 0x02
TEST 4: Load Word to verify byte store
  Result: 0x12aa5678 (expected 0x12AA5678 - byte at offset 2)
  ✓ PASS

TEST 5: Store Halfword (SH) 0xDEAD at addr 0x08
TEST 6: Load Halfword (LH) from addr 0x08
  Result: 0xffffdead (expected 0xffffDEAD - sign extended)
  ✓ PASS (sign-extended correctly)

TEST 7: Load Halfword Unsigned (LHU) from addr 0x08
  Result: 0x0000dead (expected 0x0000DEAD - zero extended)
  ✓ PASS (zero-extended correctly)

TEST 8: Store different bytes - create 0xAABBCCDD pattern
  Loading word from addr 0x10
  Result: 0xaabbccdd (expected 0xAABBCCDD)
  ✓ PASS

TEST 9: Load Byte Unsigned (LBU) from addr 0x13
  Result: 0x000000aa (expected 0x000000AA)
  ✓ PASS

TEST 10: Load Byte Signed (LB) from addr 0x13 (0xAA = -86)
  Result: 0xffffffaa (expected 0xFFFFFFAA - sign extended)
  ✓ PASS (sign-extended correctly)

=== Verification Complete ===

data_mem_tb.v:204: $finish called at 260000 (1ps)
