=== Running reg_file ===
VCD info: dumpfile reg_file_tb.vcd opened for output.

=== REGISTER FILE VERIFICATION TEST ===

TEST 1: Write 0xDEADBEEF to x5
  Read x5: 0xdeadbeef (expected 0xDEADBEEF)
  ✓ PASS

TEST 2: Write to x10 = 100, x11 = 200
  Read x10:        100, x11:        200 (expected 100, 200)
  ✓ PASS

TEST 3: x0 hardwired to zero (attempt write)
  Read x0: 0x00000000 (expected 0x00000000)
  ✓ PASS

TEST 4: Read x5 and x10 simultaneously
  x5=0xdeadbeef, x10=       100 (expected 0xDEADBEEF, 100)
  ✓ PASS

TEST 5: Write without wr_en (should be ignored)
  Read x15: 0xaaaaaaaa (expected 0xAAAAAAAA - write ignored)
  ✓ PASS

TEST 6: Overwrite x5 with new value
  Read x5: 0xcafebabe (expected 0xCAFEBABE)
  ✓ PASS

TEST 7: Write pattern to x1-x15
  Verifying x1-x15:
    x1 =       1000 ✓
    x2 =       2000 ✓
    x3 =       3000 ✓
    x4 =       4000 ✓
    x5 =       5000 ✓
    x6 =       6000 ✓
    x7 =       7000 ✓
    x8 =       8000 ✓
    x9 =       9000 ✓
    x10 =      10000 ✓
    x11 =      11000 ✓
    x12 =      12000 ✓
    x13 =      13000 ✓
    x14 =      14000 ✓
    x15 =      15000 ✓

=== Verification Complete ===

reg_file_tb.v:134: $finish called at 450000 (1ps)
