=== Running wb_mux ===
VCD info: dumpfile wb_mux_tb.vcd opened for output.

=== WRITEBACK MUX VERIFICATION TEST ===

TEST 1: Select ALU result (sel=00)
  wb_data: 0x12345678 (expected 0x12345678)
  ✓ PASS

TEST 2: Select memory data (sel=01)
  wb_data: 0xdeadbeef (expected 0xDEADBEEF)
  ✓ PASS

TEST 3: Select PC+4 (sel=10)
  wb_data: 0x00001004 (expected 0x00001004)
  ✓ PASS

TEST 4: Select immediate U (sel=11)
  wb_data: 0xabcd0000 (expected 0xABCD0000)
  ✓ PASS

TEST 5: Dynamic input changes
  ALU select: 0xcafebabe (expected 0xCAFEBABE)
  ✓ PASS
  MEM select: 0x00facade (expected 0x00FACADE)
  ✓ PASS

=== Verification Complete ===

wb_mux_tb.v:70: $finish called at 60000 (1ps)
